Performing C++ SOURCE FILE Test HAVE_CXX_ATOMICS_WITHOUT_LIB failed with the following output:
Change Dir: /mnt/d/MPC_ceremony/SNARK-MPC-setup/v2/phase2/target/debug/build/icicle-hash-f3953ba0f94b38b6/out/build/CMakeFiles/CMakeTmp

Run Build Command(s):/usr/bin/gmake -f Makefile cmTC_27aab/fast && /usr/bin/gmake  -f CMakeFiles/cmTC_27aab.dir/build.make CMakeFiles/cmTC_27aab.dir/build
gmake[1]: Entering directory '/mnt/d/MPC_ceremony/SNARK-MPC-setup/v2/phase2/target/debug/build/icicle-hash-f3953ba0f94b38b6/out/build/CMakeFiles/CMakeTmp'
Building CXX object CMakeFiles/cmTC_27aab.dir/src.cxx.o
/usr/bin/clang++ -DHAVE_CXX_ATOMICS_WITHOUT_LIB  -ffunction-sections -fdata-sections -fPIC -m64  -std=c++11 -fPIE -std=gnu++17 -MD -MT CMakeFiles/cmTC_27aab.dir/src.cxx.o -MF CMakeFiles/cmTC_27aab.dir/src.cxx.o.d -o CMakeFiles/cmTC_27aab.dir/src.cxx.o -c /mnt/d/MPC_ceremony/SNARK-MPC-setup/v2/phase2/target/debug/build/icicle-hash-f3953ba0f94b38b6/out/build/CMakeFiles/CMakeTmp/src.cxx
Linking CXX executable cmTC_27aab
/usr/bin/cmake -E cmake_link_script CMakeFiles/cmTC_27aab.dir/link.txt --verbose=1
/usr/bin/clang++  -ffunction-sections -fdata-sections -fPIC -m64  -std=c++11 CMakeFiles/cmTC_27aab.dir/src.cxx.o -o cmTC_27aab 
/usr/bin/ld: CMakeFiles/cmTC_27aab.dir/src.cxx.o: in function `std::__atomic_base<long long>::is_lock_free() const':
src.cxx:(.text._ZNKSt13__atomic_baseIxE12is_lock_freeEv[_ZNKSt13__atomic_baseIxE12is_lock_freeEv]+0x19): undefined reference to `__atomic_is_lock_free'
clang: error: linker command failed with exit code 1 (use -v to see invocation)
gmake[1]: *** [CMakeFiles/cmTC_27aab.dir/build.make:100: cmTC_27aab] Error 1
gmake[1]: Leaving directory '/mnt/d/MPC_ceremony/SNARK-MPC-setup/v2/phase2/target/debug/build/icicle-hash-f3953ba0f94b38b6/out/build/CMakeFiles/CMakeTmp'
gmake: *** [Makefile:127: cmTC_27aab/fast] Error 2


Source file was:

#include <atomic>
std::atomic<long long> x;
int main() {
  return std::atomic_is_lock_free(&x);
}

